<testsuites id="" name="" tests="20" failures="10" skipped="4" errors="0" time="67.92875499999523">
<testsuite name="TC_01_productPage.test.js" timestamp="2025-01-30T12:18:54.083Z" hostname="Chrome" tests="5" failures="2" skipped="0" time="74.653" errors="0">
<testcase name="@smoke: Login as a standard user to verify the products page and logout from the application › Login to App as a standard user" classname="TC_01_productPage.test.js" time="10.297">
<failure message="TC_01_productPage.test.js:57:7 Login to App as a standard user" type="FAILURE">
<![CDATA[  [Chrome] › TC_01_productPage.test.js:57:7 › @smoke: Login as a standard user to verify the products page and logout from the application › Login to App as a standard user › Verify the products page shopping cart icon and product sort container visible  

    Error: Element Not Visible. Check Failed!

       at ..\pages\basePage.js:119

      117 | 			expect(isVisible).toBeTruthy()
      118 | 		} catch (error) {
    > 119 | 			throw new Error(`${errorMessage}`)
          | 			      ^
      120 | 		}
      121 | 	}
      122 |

        at ProductsPage.isElementVisible (C:\CPlaywright\Playwright-JavaScript-SauceDemo-main\Playwright-JavaScript-SauceDemo-main\pages\basePage.js:119:10)
        at ProductsPage.productSortContainerVisible (C:\CPlaywright\Playwright-JavaScript-SauceDemo-main\Playwright-JavaScript-SauceDemo-main\pages\productsPage.js:173:10)
        at C:\CPlaywright\Playwright-JavaScript-SauceDemo-main\Playwright-JavaScript-SauceDemo-main\tests\TC_01_productPage.test.js:99:6
        at C:\CPlaywright\Playwright-JavaScript-SauceDemo-main\Playwright-JavaScript-SauceDemo-main\tests\TC_01_productPage.test.js:95:4

    attachment #1: video (video/webm) ───────────────────────────────────────────────
    test-results\TC_01_productPage--smoke-Login-as-a-standard-u-be920-the-application-Login-to-App-as-a-standard-user-Chrome\video.webm
    ─────────────────────────────────────────────────────────────────────────────────

    attachment #2: screenshot (image/png) ───────────────────────────────────────────
    test-results\TC_01_productPage--smoke-Login-as-a-standard-u-be920-the-application-Login-to-App-as-a-standard-user-Chrome\test-failed-1.png
    ─────────────────────────────────────────────────────────────────────────────────

    attachment #3: trace (application/zip) ──────────────────────────────────────────
    test-results\TC_01_productPage--smoke-Login-as-a-standard-u-be920-the-application-Login-to-App-as-a-standard-user-Chrome\trace.zip
    Usage:

        npx playwright show-trace test-results\TC_01_productPage--smoke-Login-as-a-standard-u-be920-the-application-Login-to-App-as-a-standard-user-Chrome\trace.zip

    ─────────────────────────────────────────────────────────────────────────────────
]]>
</failure>
<system-out>
<![CDATA[
[[ATTACHMENT|..\test-results\TC_01_productPage--smoke-Login-as-a-standard-u-be920-the-application-Login-to-App-as-a-standard-user-Chrome\video.webm]]

[[ATTACHMENT|..\test-results\TC_01_productPage--smoke-Login-as-a-standard-u-be920-the-application-Login-to-App-as-a-standard-user-Chrome\test-failed-1.png]]

[[ATTACHMENT|..\test-results\TC_01_productPage--smoke-Login-as-a-standard-u-be920-the-application-Login-to-App-as-a-standard-user-Chrome\trace.zip]]
]]>
</system-out>
</testcase>
<testcase name="@smoke: Login as a standard user to verify the products page and logout from the application › Click on the &quot;About&quot; side nav bar link to check whether user is navigated to sauce labs page" classname="TC_01_productPage.test.js" time="8.319">
</testcase>
<testcase name="Verify All Social Channel Links › Click on Facebook link and check whether user is navigated to Facebook page" classname="TC_01_productPage.test.js" time="12.123">
</testcase>
<testcase name="Verify All Social Channel Links › Click on LinkedIn link and check whether user is navigated to LinkedIn page" classname="TC_01_productPage.test.js" time="24.186">
</testcase>
<testcase name="Verify All Social Channel Links › Click on Twitter link and check whether user is navigated to twitter page" classname="TC_01_productPage.test.js" time="19.728">
<failure message="TC_01_productPage.test.js:229:6 Click on Twitter link and check whether user is navigated to twitter page" type="FAILURE">
<![CDATA[  [Chrome] › TC_01_productPage.test.js:229:6 › Verify All Social Channel Links › Click on Twitter link and check whether user is navigated to twitter page 

    Error: expect(received).toBe(expected) // Object.is equality

    Expected: "https://twitter.com/saucelabs"
    Received: "https://x.com/saucelabs?mx=2"

      245 | 		await newPage.waitForLoadState('domcontentloaded')
      246 | 		await newPage.waitForLoadState('networkidle')
    > 247 | 		expect(newPage.url()).toBe(twitterUrl)
          | 		                      ^
      248 | 	})
      249 | })
      250 |

        at C:\CPlaywright\Playwright-JavaScript-SauceDemo-main\Playwright-JavaScript-SauceDemo-main\tests\TC_01_productPage.test.js:247:25

    attachment #1: screenshot (image/png) ───────────────────────────────────────────
    test-results\TC_01_productPage-Verify-All-Social-Channel-Li-a9fac-check-whether-user-is-navigated-to-twitter-page-Chrome\test-failed-1.png
    ─────────────────────────────────────────────────────────────────────────────────

    attachment #2: screenshot (image/png) ───────────────────────────────────────────
    test-results\TC_01_productPage-Verify-All-Social-Channel-Li-a9fac-check-whether-user-is-navigated-to-twitter-page-Chrome\test-failed-2.png
    ─────────────────────────────────────────────────────────────────────────────────

    attachment #3: screenshot (image/png) ───────────────────────────────────────────
    test-results\TC_01_productPage-Verify-All-Social-Channel-Li-a9fac-check-whether-user-is-navigated-to-twitter-page-Chrome\test-failed-3.png
    ─────────────────────────────────────────────────────────────────────────────────

    attachment #4: screenshot (image/png) ───────────────────────────────────────────
    test-results\TC_01_productPage-Verify-All-Social-Channel-Li-a9fac-check-whether-user-is-navigated-to-twitter-page-Chrome\test-failed-4.png
    ─────────────────────────────────────────────────────────────────────────────────

    attachment #5: screenshot (image/png) ───────────────────────────────────────────
    test-results\TC_01_productPage-Verify-All-Social-Channel-Li-a9fac-check-whether-user-is-navigated-to-twitter-page-Chrome\test-failed-5.png
    ─────────────────────────────────────────────────────────────────────────────────

    attachment #6: screenshot (image/png) ───────────────────────────────────────────
    test-results\TC_01_productPage-Verify-All-Social-Channel-Li-a9fac-check-whether-user-is-navigated-to-twitter-page-Chrome\test-failed-6.png
    ─────────────────────────────────────────────────────────────────────────────────
]]>
</failure>
<system-out>
<![CDATA[
[[ATTACHMENT|..\test-results\TC_01_productPage-Verify-All-Social-Channel-Li-a9fac-check-whether-user-is-navigated-to-twitter-page-Chrome\test-failed-1.png]]

[[ATTACHMENT|..\test-results\TC_01_productPage-Verify-All-Social-Channel-Li-a9fac-check-whether-user-is-navigated-to-twitter-page-Chrome\test-failed-3.png]]

[[ATTACHMENT|..\test-results\TC_01_productPage-Verify-All-Social-Channel-Li-a9fac-check-whether-user-is-navigated-to-twitter-page-Chrome\test-failed-4.png]]

[[ATTACHMENT|..\test-results\TC_01_productPage-Verify-All-Social-Channel-Li-a9fac-check-whether-user-is-navigated-to-twitter-page-Chrome\test-failed-5.png]]

[[ATTACHMENT|..\test-results\TC_01_productPage-Verify-All-Social-Channel-Li-a9fac-check-whether-user-is-navigated-to-twitter-page-Chrome\test-failed-6.png]]
]]>
</system-out>
<system-err>
<![CDATA[
Warning: attachment ..\test-results\TC_01_productPage-Verify-All-Social-Channel-Li-a9fac-check-whether-user-is-navigated-to-twitter-page-Chrome\test-failed-2.png is missing]]>
</system-err>
</testcase>
</testsuite>
<testsuite name="TC_01_productPage.test.js" timestamp="2025-01-30T12:18:54.083Z" hostname="Firefox" tests="5" failures="3" skipped="2" time="0.313" errors="0">
<testcase name="@smoke: Login as a standard user to verify the products page and logout from the application › Login to App as a standard user" classname="TC_01_productPage.test.js" time="0.128">
<failure message="TC_01_productPage.test.js:57:7 Login to App as a standard user" type="FAILURE">
<![CDATA[  [Firefox] › TC_01_productPage.test.js:57:7 › @smoke: Login as a standard user to verify the products page and logout from the application › Login to App as a standard user 

    Error: browserType.launch: Executable doesn't exist at C:\Users\apurvasingh01\AppData\Local\ms-playwright\firefox-1419\firefox\firefox.exe
    ╔═════════════════════════════════════════════════════════════════════════╗
    ║ Looks like Playwright Test or Playwright was just installed or updated. ║
    ║ Please run the following command to download new browsers:              ║
    ║                                                                         ║
    ║     npx playwright install                                              ║
    ║                                                                         ║
    ║ <3 Playwright Team                                                      ║
    ╚═════════════════════════════════════════════════════════════════════════╝




    attachment #1: trace (application/zip) ──────────────────────────────────────────
    test-results\TC_01_productPage--smoke-Login-as-a-standard-u-be920-the-application-Login-to-App-as-a-standard-user-Firefox\trace.zip
    Usage:

        npx playwright show-trace test-results\TC_01_productPage--smoke-Login-as-a-standard-u-be920-the-application-Login-to-App-as-a-standard-user-Firefox\trace.zip

    ─────────────────────────────────────────────────────────────────────────────────
]]>
</failure>
<system-out>
<![CDATA[
[[ATTACHMENT|..\test-results\TC_01_productPage--smoke-Login-as-a-standard-u-be920-the-application-Login-to-App-as-a-standard-user-Firefox\trace.zip]]
]]>
</system-out>
</testcase>
<testcase name="@smoke: Login as a standard user to verify the products page and logout from the application › Click on the &quot;About&quot; side nav bar link to check whether user is navigated to sauce labs page" classname="TC_01_productPage.test.js" time="0.09">
<failure message="TC_01_productPage.test.js:167:7 Click on the &quot;About&quot; side nav bar link to check whether user is navigated to sauce labs page" type="FAILURE">
<![CDATA[  [Firefox] › TC_01_productPage.test.js:167:7 › @smoke: Login as a standard user to verify the products page and logout from the application › Click on the "About" side nav bar link to check whether user is navigated to sauce labs page 

    Error: browserType.launch: Executable doesn't exist at C:\Users\apurvasingh01\AppData\Local\ms-playwright\firefox-1419\firefox\firefox.exe
    ╔═════════════════════════════════════════════════════════════════════════╗
    ║ Looks like Playwright Test or Playwright was just installed or updated. ║
    ║ Please run the following command to download new browsers:              ║
    ║                                                                         ║
    ║     npx playwright install                                              ║
    ║                                                                         ║
    ║ <3 Playwright Team                                                      ║
    ╚═════════════════════════════════════════════════════════════════════════╝




    attachment #1: trace (application/zip) ──────────────────────────────────────────
    test-results\TC_01_productPage--smoke-Login-as-a-standard-u-1c23d-ck-whether-user-is-navigated-to-sauce-labs-page-Firefox\trace.zip
    Usage:

        npx playwright show-trace test-results\TC_01_productPage--smoke-Login-as-a-standard-u-1c23d-ck-whether-user-is-navigated-to-sauce-labs-page-Firefox\trace.zip

    ─────────────────────────────────────────────────────────────────────────────────
]]>
</failure>
<system-out>
<![CDATA[
[[ATTACHMENT|..\test-results\TC_01_productPage--smoke-Login-as-a-standard-u-1c23d-ck-whether-user-is-navigated-to-sauce-labs-page-Firefox\trace.zip]]
]]>
</system-out>
</testcase>
<testcase name="Verify All Social Channel Links › Click on Facebook link and check whether user is navigated to Facebook page" classname="TC_01_productPage.test.js" time="0.095">
<failure message="TC_01_productPage.test.js:187:6 Click on Facebook link and check whether user is navigated to Facebook page" type="FAILURE">
<![CDATA[  [Firefox] › TC_01_productPage.test.js:187:6 › Verify All Social Channel Links › Click on Facebook link and check whether user is navigated to Facebook page 

    Error: browserType.launch: Executable doesn't exist at C:\Users\apurvasingh01\AppData\Local\ms-playwright\firefox-1419\firefox\firefox.exe
    ╔═════════════════════════════════════════════════════════════════════════╗
    ║ Looks like Playwright Test or Playwright was just installed or updated. ║
    ║ Please run the following command to download new browsers:              ║
    ║                                                                         ║
    ║     npx playwright install                                              ║
    ║                                                                         ║
    ║ <3 Playwright Team                                                      ║
    ╚═════════════════════════════════════════════════════════════════════════╝




    attachment #1: trace (application/zip) ──────────────────────────────────────────
    test-results\TC_01_productPage-Verify-All-Social-Channel-Li-e35c0-heck-whether-user-is-navigated-to-Facebook-page-Firefox\trace.zip
    Usage:

        npx playwright show-trace test-results\TC_01_productPage-Verify-All-Social-Channel-Li-e35c0-heck-whether-user-is-navigated-to-Facebook-page-Firefox\trace.zip

    ─────────────────────────────────────────────────────────────────────────────────
]]>
</failure>
<system-out>
<![CDATA[
[[ATTACHMENT|..\test-results\TC_01_productPage-Verify-All-Social-Channel-Li-e35c0-heck-whether-user-is-navigated-to-Facebook-page-Firefox\trace.zip]]
]]>
</system-out>
</testcase>
<testcase name="Verify All Social Channel Links › Click on LinkedIn link and check whether user is navigated to LinkedIn page" classname="TC_01_productPage.test.js" time="0">
<skipped>
</skipped>
</testcase>
<testcase name="Verify All Social Channel Links › Click on Twitter link and check whether user is navigated to twitter page" classname="TC_01_productPage.test.js" time="0">
<skipped>
</skipped>
</testcase>
</testsuite>
<testsuite name="TC_01_productPage.test.js" timestamp="2025-01-30T12:18:54.083Z" hostname="Safari" tests="5" failures="3" skipped="2" time="0.84" errors="0">
<testcase name="@smoke: Login as a standard user to verify the products page and logout from the application › Login to App as a standard user" classname="TC_01_productPage.test.js" time="0.213">
<failure message="TC_01_productPage.test.js:57:7 Login to App as a standard user" type="FAILURE">
<![CDATA[  [Safari] › TC_01_productPage.test.js:57:7 › @smoke: Login as a standard user to verify the products page and logout from the application › Login to App as a standard user 

    Error: browserType.launch: Executable doesn't exist at C:\Users\apurvasingh01\AppData\Local\ms-playwright\webkit-1869\Playwright.exe
    ╔═════════════════════════════════════════════════════════════════════════╗
    ║ Looks like Playwright Test or Playwright was just installed or updated. ║
    ║ Please run the following command to download new browsers:              ║
    ║                                                                         ║
    ║     npx playwright install                                              ║
    ║                                                                         ║
    ║ <3 Playwright Team                                                      ║
    ╚═════════════════════════════════════════════════════════════════════════╝




    attachment #1: trace (application/zip) ──────────────────────────────────────────
    test-results\TC_01_productPage--smoke-Login-as-a-standard-u-be920-the-application-Login-to-App-as-a-standard-user-Safari\trace.zip
    Usage:

        npx playwright show-trace test-results\TC_01_productPage--smoke-Login-as-a-standard-u-be920-the-application-Login-to-App-as-a-standard-user-Safari\trace.zip

    ─────────────────────────────────────────────────────────────────────────────────
]]>
</failure>
<system-out>
<![CDATA[
[[ATTACHMENT|..\test-results\TC_01_productPage--smoke-Login-as-a-standard-u-be920-the-application-Login-to-App-as-a-standard-user-Safari\trace.zip]]
]]>
</system-out>
</testcase>
<testcase name="@smoke: Login as a standard user to verify the products page and logout from the application › Click on the &quot;About&quot; side nav bar link to check whether user is navigated to sauce labs page" classname="TC_01_productPage.test.js" time="0.106">
<failure message="TC_01_productPage.test.js:167:7 Click on the &quot;About&quot; side nav bar link to check whether user is navigated to sauce labs page" type="FAILURE">
<![CDATA[  [Safari] › TC_01_productPage.test.js:167:7 › @smoke: Login as a standard user to verify the products page and logout from the application › Click on the "About" side nav bar link to check whether user is navigated to sauce labs page 

    Error: browserType.launch: Executable doesn't exist at C:\Users\apurvasingh01\AppData\Local\ms-playwright\webkit-1869\Playwright.exe
    ╔═════════════════════════════════════════════════════════════════════════╗
    ║ Looks like Playwright Test or Playwright was just installed or updated. ║
    ║ Please run the following command to download new browsers:              ║
    ║                                                                         ║
    ║     npx playwright install                                              ║
    ║                                                                         ║
    ║ <3 Playwright Team                                                      ║
    ╚═════════════════════════════════════════════════════════════════════════╝




    attachment #1: trace (application/zip) ──────────────────────────────────────────
    test-results\TC_01_productPage--smoke-Login-as-a-standard-u-1c23d-ck-whether-user-is-navigated-to-sauce-labs-page-Safari\trace.zip
    Usage:

        npx playwright show-trace test-results\TC_01_productPage--smoke-Login-as-a-standard-u-1c23d-ck-whether-user-is-navigated-to-sauce-labs-page-Safari\trace.zip

    ─────────────────────────────────────────────────────────────────────────────────
]]>
</failure>
<system-out>
<![CDATA[
[[ATTACHMENT|..\test-results\TC_01_productPage--smoke-Login-as-a-standard-u-1c23d-ck-whether-user-is-navigated-to-sauce-labs-page-Safari\trace.zip]]
]]>
</system-out>
</testcase>
<testcase name="Verify All Social Channel Links › Click on Facebook link and check whether user is navigated to Facebook page" classname="TC_01_productPage.test.js" time="0.521">
<failure message="TC_01_productPage.test.js:187:6 Click on Facebook link and check whether user is navigated to Facebook page" type="FAILURE">
<![CDATA[  [Safari] › TC_01_productPage.test.js:187:6 › Verify All Social Channel Links › Click on Facebook link and check whether user is navigated to Facebook page 

    Error: browserType.launch: Executable doesn't exist at C:\Users\apurvasingh01\AppData\Local\ms-playwright\webkit-1869\Playwright.exe
    ╔═════════════════════════════════════════════════════════════════════════╗
    ║ Looks like Playwright Test or Playwright was just installed or updated. ║
    ║ Please run the following command to download new browsers:              ║
    ║                                                                         ║
    ║     npx playwright install                                              ║
    ║                                                                         ║
    ║ <3 Playwright Team                                                      ║
    ╚═════════════════════════════════════════════════════════════════════════╝




    attachment #1: trace (application/zip) ──────────────────────────────────────────
    test-results\TC_01_productPage-Verify-All-Social-Channel-Li-e35c0-heck-whether-user-is-navigated-to-Facebook-page-Safari\trace.zip
    Usage:

        npx playwright show-trace test-results\TC_01_productPage-Verify-All-Social-Channel-Li-e35c0-heck-whether-user-is-navigated-to-Facebook-page-Safari\trace.zip

    ─────────────────────────────────────────────────────────────────────────────────
]]>
</failure>
<system-out>
<![CDATA[
[[ATTACHMENT|..\test-results\TC_01_productPage-Verify-All-Social-Channel-Li-e35c0-heck-whether-user-is-navigated-to-Facebook-page-Safari\trace.zip]]
]]>
</system-out>
</testcase>
<testcase name="Verify All Social Channel Links › Click on LinkedIn link and check whether user is navigated to LinkedIn page" classname="TC_01_productPage.test.js" time="0">
<skipped>
</skipped>
</testcase>
<testcase name="Verify All Social Channel Links › Click on Twitter link and check whether user is navigated to twitter page" classname="TC_01_productPage.test.js" time="0">
<skipped>
</skipped>
</testcase>
</testsuite>
<testsuite name="TC_01_productPage.test.js" timestamp="2025-01-30T12:18:54.083Z" hostname="Edge" tests="5" failures="2" skipped="0" time="63.918" errors="0">
<testcase name="@smoke: Login as a standard user to verify the products page and logout from the application › Login to App as a standard user" classname="TC_01_productPage.test.js" time="9.504">
<failure message="TC_01_productPage.test.js:57:7 Login to App as a standard user" type="FAILURE">
<![CDATA[  [Edge] › TC_01_productPage.test.js:57:7 › @smoke: Login as a standard user to verify the products page and logout from the application › Login to App as a standard user › Verify the products page shopping cart icon and product sort container visible  

    Error: Element Not Visible. Check Failed!

       at ..\pages\basePage.js:119

      117 | 			expect(isVisible).toBeTruthy()
      118 | 		} catch (error) {
    > 119 | 			throw new Error(`${errorMessage}`)
          | 			      ^
      120 | 		}
      121 | 	}
      122 |

        at ProductsPage.isElementVisible (C:\CPlaywright\Playwright-JavaScript-SauceDemo-main\Playwright-JavaScript-SauceDemo-main\pages\basePage.js:119:10)
        at ProductsPage.productSortContainerVisible (C:\CPlaywright\Playwright-JavaScript-SauceDemo-main\Playwright-JavaScript-SauceDemo-main\pages\productsPage.js:173:10)
        at C:\CPlaywright\Playwright-JavaScript-SauceDemo-main\Playwright-JavaScript-SauceDemo-main\tests\TC_01_productPage.test.js:99:6
        at C:\CPlaywright\Playwright-JavaScript-SauceDemo-main\Playwright-JavaScript-SauceDemo-main\tests\TC_01_productPage.test.js:95:4

    attachment #1: video (video/webm) ───────────────────────────────────────────────
    test-results\TC_01_productPage--smoke-Login-as-a-standard-u-be920-the-application-Login-to-App-as-a-standard-user-Edge\video.webm
    ─────────────────────────────────────────────────────────────────────────────────

    attachment #2: screenshot (image/png) ───────────────────────────────────────────
    test-results\TC_01_productPage--smoke-Login-as-a-standard-u-be920-the-application-Login-to-App-as-a-standard-user-Edge\test-failed-1.png
    ─────────────────────────────────────────────────────────────────────────────────

    attachment #3: trace (application/zip) ──────────────────────────────────────────
    test-results\TC_01_productPage--smoke-Login-as-a-standard-u-be920-the-application-Login-to-App-as-a-standard-user-Edge\trace.zip
    Usage:

        npx playwright show-trace test-results\TC_01_productPage--smoke-Login-as-a-standard-u-be920-the-application-Login-to-App-as-a-standard-user-Edge\trace.zip

    ─────────────────────────────────────────────────────────────────────────────────
]]>
</failure>
<system-out>
<![CDATA[
[[ATTACHMENT|..\test-results\TC_01_productPage--smoke-Login-as-a-standard-u-be920-the-application-Login-to-App-as-a-standard-user-Edge\video.webm]]

[[ATTACHMENT|..\test-results\TC_01_productPage--smoke-Login-as-a-standard-u-be920-the-application-Login-to-App-as-a-standard-user-Edge\test-failed-1.png]]

[[ATTACHMENT|..\test-results\TC_01_productPage--smoke-Login-as-a-standard-u-be920-the-application-Login-to-App-as-a-standard-user-Edge\trace.zip]]
]]>
</system-out>
</testcase>
<testcase name="@smoke: Login as a standard user to verify the products page and logout from the application › Click on the &quot;About&quot; side nav bar link to check whether user is navigated to sauce labs page" classname="TC_01_productPage.test.js" time="9.157">
</testcase>
<testcase name="Verify All Social Channel Links › Click on Facebook link and check whether user is navigated to Facebook page" classname="TC_01_productPage.test.js" time="7.987">
</testcase>
<testcase name="Verify All Social Channel Links › Click on LinkedIn link and check whether user is navigated to LinkedIn page" classname="TC_01_productPage.test.js" time="14.996">
</testcase>
<testcase name="Verify All Social Channel Links › Click on Twitter link and check whether user is navigated to twitter page" classname="TC_01_productPage.test.js" time="22.274">
<failure message="TC_01_productPage.test.js:229:6 Click on Twitter link and check whether user is navigated to twitter page" type="FAILURE">
<![CDATA[  [Edge] › TC_01_productPage.test.js:229:6 › Verify All Social Channel Links › Click on Twitter link and check whether user is navigated to twitter page 

    Error: expect(received).toBe(expected) // Object.is equality

    Expected: "https://twitter.com/saucelabs"
    Received: "https://x.com/saucelabs?mx=2"

      245 | 		await newPage.waitForLoadState('domcontentloaded')
      246 | 		await newPage.waitForLoadState('networkidle')
    > 247 | 		expect(newPage.url()).toBe(twitterUrl)
          | 		                      ^
      248 | 	})
      249 | })
      250 |

        at C:\CPlaywright\Playwright-JavaScript-SauceDemo-main\Playwright-JavaScript-SauceDemo-main\tests\TC_01_productPage.test.js:247:25

    attachment #1: screenshot (image/png) ───────────────────────────────────────────
    test-results\TC_01_productPage-Verify-All-Social-Channel-Li-a9fac-check-whether-user-is-navigated-to-twitter-page-Edge\test-failed-1.png
    ─────────────────────────────────────────────────────────────────────────────────

    attachment #2: screenshot (image/png) ───────────────────────────────────────────
    test-results\TC_01_productPage-Verify-All-Social-Channel-Li-a9fac-check-whether-user-is-navigated-to-twitter-page-Edge\test-failed-2.png
    ─────────────────────────────────────────────────────────────────────────────────

    attachment #3: screenshot (image/png) ───────────────────────────────────────────
    test-results\TC_01_productPage-Verify-All-Social-Channel-Li-a9fac-check-whether-user-is-navigated-to-twitter-page-Edge\test-failed-3.png
    ─────────────────────────────────────────────────────────────────────────────────

    attachment #4: screenshot (image/png) ───────────────────────────────────────────
    test-results\TC_01_productPage-Verify-All-Social-Channel-Li-a9fac-check-whether-user-is-navigated-to-twitter-page-Edge\test-failed-4.png
    ─────────────────────────────────────────────────────────────────────────────────

    attachment #5: screenshot (image/png) ───────────────────────────────────────────
    test-results\TC_01_productPage-Verify-All-Social-Channel-Li-a9fac-check-whether-user-is-navigated-to-twitter-page-Edge\test-failed-5.png
    ─────────────────────────────────────────────────────────────────────────────────

    attachment #6: screenshot (image/png) ───────────────────────────────────────────
    test-results\TC_01_productPage-Verify-All-Social-Channel-Li-a9fac-check-whether-user-is-navigated-to-twitter-page-Edge\test-failed-6.png
    ─────────────────────────────────────────────────────────────────────────────────

    attachment #7: trace (application/zip) ──────────────────────────────────────────
    test-results\TC_01_productPage-Verify-All-Social-Channel-Li-a9fac-check-whether-user-is-navigated-to-twitter-page-Edge\trace.zip
    Usage:

        npx playwright show-trace test-results\TC_01_productPage-Verify-All-Social-Channel-Li-a9fac-check-whether-user-is-navigated-to-twitter-page-Edge\trace.zip

    ─────────────────────────────────────────────────────────────────────────────────
]]>
</failure>
<system-out>
<![CDATA[
[[ATTACHMENT|..\test-results\TC_01_productPage-Verify-All-Social-Channel-Li-a9fac-check-whether-user-is-navigated-to-twitter-page-Edge\test-failed-1.png]]

[[ATTACHMENT|..\test-results\TC_01_productPage-Verify-All-Social-Channel-Li-a9fac-check-whether-user-is-navigated-to-twitter-page-Edge\test-failed-2.png]]

[[ATTACHMENT|..\test-results\TC_01_productPage-Verify-All-Social-Channel-Li-a9fac-check-whether-user-is-navigated-to-twitter-page-Edge\test-failed-3.png]]

[[ATTACHMENT|..\test-results\TC_01_productPage-Verify-All-Social-Channel-Li-a9fac-check-whether-user-is-navigated-to-twitter-page-Edge\test-failed-4.png]]

[[ATTACHMENT|..\test-results\TC_01_productPage-Verify-All-Social-Channel-Li-a9fac-check-whether-user-is-navigated-to-twitter-page-Edge\test-failed-5.png]]

[[ATTACHMENT|..\test-results\TC_01_productPage-Verify-All-Social-Channel-Li-a9fac-check-whether-user-is-navigated-to-twitter-page-Edge\test-failed-6.png]]

[[ATTACHMENT|..\test-results\TC_01_productPage-Verify-All-Social-Channel-Li-a9fac-check-whether-user-is-navigated-to-twitter-page-Edge\trace.zip]]
]]>
</system-out>
</testcase>
</testsuite>
</testsuites>